// Jest Snapshot v1, https://goo.gl/fbAQLP

exports[`Given the TodoPage component should render 1`] = `<main-content-stub />`;
