// Jest Snapshot v1, https://goo.gl/fbAQLP

exports[`Given the AppCheckboxInput component should render 1`] = `
<input
  class="form-check-input"
  type="checkbox"
/>
`;

exports[`Given the AppCheckboxInput component should render 2`] = `
<input
  class="form-check-input"
  type="checkbox"
/>
`;

exports[`Given the AppCheckboxInput component should render 3`] = `
<input
  class="form-check-input"
  type="checkbox"
/>
`;

exports[`Given the AppCheckboxInput component should render 4`] = `
<input
  class="form-check-input"
  type="checkbox"
/>
`;
