// Jest Snapshot v1, https://goo.gl/fbAQLP

exports[`Given the EmptyTodo component should render 1`] = `
<ul
  class="list-group list-group-flush d-flex align-items-center"
>
  <li
    class="list-group-item"
  >
    <span
      class="text-secondary"
    >
      No Todo yet
    </span>
  </li>
</ul>
`;
