// Jest Snapshot v1, https://goo.gl/fbAQLP

exports[`Given the ContentHeader component should render 1`] = `
<div
  class="d-flex justify-content-between align-items-center mb-4"
>
  <h1
    class="fw-bold text-white"
  >
    T O D O
  </h1>
  <img
    alt="moon"
    class="img"
    src=""
  />
</div>
`;
