// Jest Snapshot v1, https://goo.gl/fbAQLP

exports[`Given the TodoList component should render 1`] = `
<ul
  class="list-group list-group-flush"
>
  <div
    class="list-group-item d-flex align-items-center"
    data-draggable="true"
  >
    <input
      class="form-check-input ms-2"
      type="checkbox"
    />
    <span
      class="ms-4 custom-span"
    >
      title-1
    </span>
    <button
      class="button item__button--delete btn-close ms-auto"
    />
  </div>
  <div
    class="list-group-item d-flex align-items-center"
    data-draggable="true"
  >
    <input
      class="form-check-input ms-2"
      type="checkbox"
    />
    <span
      class="ms-4 custom-span"
    >
      title-2
    </span>
    <button
      class="button item__button--delete btn-close ms-auto"
    />
  </div>
  <div
    class="list-group-item d-flex align-items-center"
    data-draggable="true"
  >
    <input
      checked=""
      class="form-check-input ms-2"
      type="checkbox"
    />
    <span
      class="todo-item-completed ms-4 custom-span"
    >
      title-3
    </span>
    <button
      class="button item__button--delete btn-close ms-auto"
    />
  </div>
</ul>
`;
